[tieppoautomoveis.com.br/index.html]
[backblue.gif]
[fade.gif]
[index.html]
[tieppoautomoveis.com.br/favicon.ico]
[maxcdn.bootstrapcdn.com/font-awesome/4.5.0/css/font-awesome.min.css]
[www.tieppoautomoveis.com.br/images/whatsapp_animated.gif]
[connect.facebook.net/pt_BR/sdk.js]
[tieppoautomoveis.com.br/index-2.html]
[tieppoautomoveis.com.br/images/logo.png]
[tieppoautomoveis.com.br/home.html]
[tieppoautomoveis.com.br/sobre.html]
[tieppoautomoveis.com.br/nosso-estoque.html]
[tieppoautomoveis.com.br/fale-conosco.html]
[tieppoautomoveis.com.br/veiculo/112484257/Carro-ONIX-PLUS-1.html]
[www.negociecarros.com.br/fotos_g/707390188.jpg]
[tieppoautomoveis.com.br/images/ico_date.png]
[tieppoautomoveis.com.br/images/ico_km.png]
[tieppoautomoveis.com.br/veiculo/112478754/Carro-DUSTER-1.html]
[tieppoautomoveis.com.br/veiculo/112484665/Carro-ONIX-HATCH-1.html]
[www.negociecarros.com.br/fotos_g/949438054.jpg]
[tieppoautomoveis.com.br/veiculo/112475002/Carro-SPIN-1.html]
[www.negociecarros.com.br/fotos_g/161655014.jpg]
[www.tieppoautomoveis.com.br/js/bootstrap.min.js]
[code.jquery.com/jquery-latest.min.js]
[tieppoautomoveis.com.br/js/jquery.min.js]
[tieppoautomoveis.com.br/js/jquery.flexslider.js]
[tieppoautomoveis.com.br/js/bootstrap-multiselect.js]
[tieppoautomoveis.com.br/js/init.js]
[tieppoautomoveis.com.br/js/bootstrap-slider.js]
[tieppoautomoveis.com.br/js/search.js]
[tieppoautomoveis.com.br/js/pagination.js]
[tieppoautomoveis.com.br/js/dealers.form.js]
[tieppoautomoveis.com.br/js/inputmask.js]
[tieppoautomoveis.com.br/js/jquery.inputmask.js]
[tieppoautomoveis.com.br/js/inputmask.numeric.extensions.js]
[tieppoautomoveis.com.br/js/inputmask.extensions.js]
[tieppoautomoveis.com.br/js/jquery.colorbox-min.js]
[tieppoautomoveis.com.br/index.html]
[maxcdn.bootstrapcdn.com/font-awesome/4.5.0/css/font-awesome.min.css]
[www.tieppoautomoveis.com.br/img/favicon.html]
[www.tieppoautomoveis.com.br/css/bootstrap.css]
[www.tieppoautomoveis.com.br/css/bootstrap.min.css]
[www.tieppoautomoveis.com.br/images/bg_select.png]
[www.tieppoautomoveis.com.br/css/bootstrap-theme.css]
[www.tieppoautomoveis.com.br/css/bootstrap-multiselect.css]
[www.tieppoautomoveis.com.br/images/ico_phone.png]
[www.tieppoautomoveis.com.br/images/loader.gif]
[www.tieppoautomoveis.com.br/images/arrow.png]
[www.tieppoautomoveis.com.br/images/sprite_arrow.png]
[www.tieppoautomoveis.com.br/images/sprite_social.png]
[www.tieppoautomoveis.com.br/images/ico_menu.png]
[www.tieppoautomoveis.com.br/images/bg_transparent.png]
[www.tieppoautomoveis.com.br/css/style.css]
[www.tieppoautomoveis.com.br/css/bootstrap-slider.css]
[www.tieppoautomoveis.com.br/css/pagination.css]
[www.tieppoautomoveis.com.br/css/images/controls.png]
[www.tieppoautomoveis.com.br/css/images/border.png]
[www.tieppoautomoveis.com.br/css/images/loading_background.png]
[www.tieppoautomoveis.com.br/css/images/loading.gif]
[www.tieppoautomoveis.com.br/css/colorbox.css]
[www.tieppoautomoveis.com.br/css/fonts/flexslider-icon.eot]
[www.tieppoautomoveis.com.br/css/fonts/flexslider-icond41d.eot]
[www.tieppoautomoveis.com.br/css/flexslider.css]
[www.tieppoautomoveis.com.br/fonts/cars/fonts/icomoonadceadce.eot]
[www.tieppoautomoveis.com.br/fonts/cars/fonts/icomoond41dd41d.eot]
[www.tieppoautomoveis.com.br/fonts/cars/style.css]
[connect.facebook.net/pt_BR/sdk.js]
[tieppoautomoveis.com.br/index-2.html]
[tieppoautomoveis.com.br/home.html]
[tieppoautomoveis.com.br/sobre.html]
[www.tieppoautomoveis.com.br/images/notFound.gif]
[www.negociecarros.com.br/fotos_g/221456639.jpg]
[www.negociecarros.com.br/fotos_g/1366742070.jpg]
[www.negociecarros.com.br/fotos_g/1125321589.jpg]
[www.negociecarros.com.br/fotos_g/652584672.jpg]
[www.negociecarros.com.br/fotos_g/1870121485.jpg]
[www.negociecarros.com.br/fotos_g/229146817.jpg]
[www.negociecarros.com.br/fotos_g/348114968.jpg]
[www.negociecarros.com.br/fotos_g/1874914329.jpg]
[www.negociecarros.com.br/fotos_g/964443183.jpg]
[www.negociecarros.com.br/fotos_g/1710705590.jpg]
[www.negociecarros.com.br/fotos_g/712636030.jpg]
[www.negociecarros.com.br/fotos_g/1277921807.jpg]
[www.negociecarros.com.br/fotos_g/2028740506.jpg]
[www.negociecarros.com.br/fotos_g/1407988905.jpg]
[www.negociecarros.com.br/fotos_g/313081791.jpg]
[www.negociecarros.com.br/fotos_g/1022451700.jpg]
[www.negociecarros.com.br/fotos_g/1715585789.jpg]
[www.negociecarros.com.br/fotos_g/1512903442.jpg]
[www.negociecarros.com.br/fotos_g/280165754.jpg]
[www.negociecarros.com.br/fotos_g/181625616.jpg]
[www.negociecarros.com.br/fotos_g/1576441625.jpg]
[www.negociecarros.com.br/fotos_g/860234270.jpg]
[www.negociecarros.com.br/fotos_g/1487814637.jpg]
[www.negociecarros.com.br/fotos_g/1924292467.jpg]
[tieppoautomoveis.com.br/nosso-estoque.html]
[tieppoautomoveis.com.br/fale-conosco.html]
[tieppoautomoveis.com.br/veiculo/112484257/favicon.html]
[www.negociecarros.com.br/fotos_g/1048602421.jpg]
[www.negociecarros.com.br/fotos_g/49628027.jpg]
[www.negociecarros.com.br/fotos_g/1379958199.jpg]
[www.negociecarros.com.br/fotos_g/1145691726.jpg]
[www.negociecarros.com.br/fotos_g/1348906039.jpg]
[www.negociecarros.com.br/fotos_g/123667887.jpg]
[www.negociecarros.com.br/fotos_g/1844760546.jpg]
[www.negociecarros.com.br/fotos_g/841913643.jpg]
[www.negociecarros.com.br/fotos_g/685625171.jpg]
[cdn.reweb-corp.com/phones.min.js]
[tieppoautomoveis.com.br/veiculo/112484257/Carro-ONIX-PLUS-1.html]
[tieppoautomoveis.com.br/veiculo/112478754/favicon.html]
[www.negociecarros.com.br/fotos_g/1066752008.jpg]
[www.negociecarros.com.br/fotos_g/36868670.jpg]
[www.negociecarros.com.br/fotos_g/1286264543.jpg]
[www.negociecarros.com.br/fotos_g/1872798566.jpg]
[www.negociecarros.com.br/fotos_g/2135805089.jpg]
[www.negociecarros.com.br/fotos_g/1562738899.jpg]
[www.negociecarros.com.br/fotos_g/1453517340.jpg]
[www.negociecarros.com.br/fotos_g/2021775020.jpg]
[www.negociecarros.com.br/fotos_g/591288726.jpg]
[tieppoautomoveis.com.br/veiculo/112478754/Carro-DUSTER-1.html]
[www.negociecarros.com.br/fotos_g/542776632.jpeg]
[tieppoautomoveis.com.br/veiculo/112484665/favicon.html]
[www.negociecarros.com.br/fotos_g/119316852.jpg]
[www.negociecarros.com.br/fotos_g/1113771969.jpg]
[www.negociecarros.com.br/fotos_g/1490318076.jpg]
[www.negociecarros.com.br/fotos_g/1797375477.jpg]
[www.negociecarros.com.br/fotos_g/1581800098.jpg]
[www.negociecarros.com.br/fotos_g/33025701.jpg]
[www.negociecarros.com.br/fotos_g/1959418016.jpg]
[www.negociecarros.com.br/fotos_g/1665209942.jpg]
[www.negociecarros.com.br/fotos_g/945449817.jpg]
[tieppoautomoveis.com.br/veiculo/112484665/Carro-ONIX-HATCH-1.html]
[tieppoautomoveis.com.br/veiculo/112475002/favicon.html]
[www.negociecarros.com.br/fotos_g/191838189.jpg]
[www.negociecarros.com.br/fotos_g/816870132.jpg]
[www.negociecarros.com.br/fotos_g/532968341.jpg]
[www.negociecarros.com.br/fotos_g/94974281.jpg]
[www.negociecarros.com.br/fotos_g/1154373232.jpg]
[www.negociecarros.com.br/fotos_g/2033009722.jpg]
[www.negociecarros.com.br/fotos_g/1913125335.jpg]
[www.negociecarros.com.br/fotos_g/1609997052.jpg]
[www.negociecarros.com.br/fotos_g/112746698.jpg]
[tieppoautomoveis.com.br/veiculo/112475002/Carro-SPIN-1.html]
[www.tieppoautomoveis.com.br/js/jquery.inview.min.html]
[www.tieppoautomoveis.com.br/js/tweetie/tweetie.min.html]
[www.tieppoautomoveis.com.br/js/flexslider/jquery.flexslider-min.html]
[www.tieppoautomoveis.com.br/js/owl.carousel.min.html]
[www.tieppoautomoveis.com.br/js/isotope.pkgd.min.html]
[www.tieppoautomoveis.com.br/js/imagesloaded.pkgd.min.html]
[www.tieppoautomoveis.com.br/js/jquery.nouislider.all.min.html]
[www.tieppoautomoveis.com.br/js/scripts.html]
[www.tieppoautomoveis.com.br/css/PIE.html]
[www.tieppoautomoveis.com.br/images/bg_street_view.html]
[www.tieppoautomoveis.com.br/css/fonts/flexslider-icon.html]
[www.tieppoautomoveis.com.br/css/fonts/flexslider-icon-2.html]
[www.tieppoautomoveis.com.br/css/fonts/flexslider-icon.svg]
[www.tieppoautomoveis.com.br/fonts/cars/fonts/icomoonadceadce.html]
[www.tieppoautomoveis.com.br/fonts/cars/fonts/icomoonadceadce-2.html]
[www.tieppoautomoveis.com.br/fonts/cars/fonts/icomoonadceadce.svg]
[tieppoautomoveis.com.br/veiculo/112484257/favicon.html]
[tieppoautomoveis.com.br/veiculo/112478754/favicon.html]
[tieppoautomoveis.com.br/veiculo/112484665/favicon.html]
[tieppoautomoveis.com.br/veiculo/112475002/favicon.html]
